Archive member included to satisfy reference by file (symbol)

/Applications/Ac6/SystemWorkbench.app/Contents/Eclipse/plugins/fr.ac6.mcu.externaltools.arm-none.macos64_1.17.0.201812190825/tools/compiler/bin/../lib/gcc/arm-none-eabi/7.3.1/../../../../arm-none-eabi/lib/thumb/v7-m/libm.a(lib_a-w_log.o)
                              src/main.o (log)
/Applications/Ac6/SystemWorkbench.app/Contents/Eclipse/plugins/fr.ac6.mcu.externaltools.arm-none.macos64_1.17.0.201812190825/tools/compiler/bin/../lib/gcc/arm-none-eabi/7.3.1/../../../../arm-none-eabi/lib/thumb/v7-m/libm.a(lib_a-e_log.o)
                              /Applications/Ac6/SystemWorkbench.app/Contents/Eclipse/plugins/fr.ac6.mcu.externaltools.arm-none.macos64_1.17.0.201812190825/tools/compiler/bin/../lib/gcc/arm-none-eabi/7.3.1/../../../../arm-none-eabi/lib/thumb/v7-m/libm.a(lib_a-w_log.o) (__ieee754_log)
/Applications/Ac6/SystemWorkbench.app/Contents/Eclipse/plugins/fr.ac6.mcu.externaltools.arm-none.macos64_1.17.0.201812190825/tools/compiler/bin/../lib/gcc/arm-none-eabi/7.3.1/../../../../arm-none-eabi/lib/thumb/v7-m/libm.a(lib_a-s_lib_ver.o)
                              /Applications/Ac6/SystemWorkbench.app/Contents/Eclipse/plugins/fr.ac6.mcu.externaltools.arm-none.macos64_1.17.0.201812190825/tools/compiler/bin/../lib/gcc/arm-none-eabi/7.3.1/../../../../arm-none-eabi/lib/thumb/v7-m/libm.a(lib_a-w_log.o) (__fdlib_version)
/Applications/Ac6/SystemWorkbench.app/Contents/Eclipse/plugins/fr.ac6.mcu.externaltools.arm-none.macos64_1.17.0.201812190825/tools/compiler/bin/../lib/gcc/arm-none-eabi/7.3.1/../../../../arm-none-eabi/lib/thumb/v7-m/libm.a(lib_a-s_matherr.o)
                              /Applications/Ac6/SystemWorkbench.app/Contents/Eclipse/plugins/fr.ac6.mcu.externaltools.arm-none.macos64_1.17.0.201812190825/tools/compiler/bin/../lib/gcc/arm-none-eabi/7.3.1/../../../../arm-none-eabi/lib/thumb/v7-m/libm.a(lib_a-w_log.o) (matherr)
/Applications/Ac6/SystemWorkbench.app/Contents/Eclipse/plugins/fr.ac6.mcu.externaltools.arm-none.macos64_1.17.0.201812190825/tools/compiler/bin/../lib/gcc/arm-none-eabi/7.3.1/../../../../arm-none-eabi/lib/thumb/v7-m/libm.a(lib_a-s_nan.o)
                              /Applications/Ac6/SystemWorkbench.app/Contents/Eclipse/plugins/fr.ac6.mcu.externaltools.arm-none.macos64_1.17.0.201812190825/tools/compiler/bin/../lib/gcc/arm-none-eabi/7.3.1/../../../../arm-none-eabi/lib/thumb/v7-m/libm.a(lib_a-w_log.o) (nan)
/Applications/Ac6/SystemWorkbench.app/Contents/Eclipse/plugins/fr.ac6.mcu.externaltools.arm-none.macos64_1.17.0.201812190825/tools/compiler/bin/../lib/gcc/arm-none-eabi/7.3.1/thumb/v7-m/libgcc.a(_arm_addsubdf3.o)
                              src/main.o (__aeabi_dsub)
/Applications/Ac6/SystemWorkbench.app/Contents/Eclipse/plugins/fr.ac6.mcu.externaltools.arm-none.macos64_1.17.0.201812190825/tools/compiler/bin/../lib/gcc/arm-none-eabi/7.3.1/thumb/v7-m/libgcc.a(_arm_muldivdf3.o)
                              src/main.o (__aeabi_dmul)
/Applications/Ac6/SystemWorkbench.app/Contents/Eclipse/plugins/fr.ac6.mcu.externaltools.arm-none.macos64_1.17.0.201812190825/tools/compiler/bin/../lib/gcc/arm-none-eabi/7.3.1/thumb/v7-m/libgcc.a(_arm_cmpdf2.o)
                              /Applications/Ac6/SystemWorkbench.app/Contents/Eclipse/plugins/fr.ac6.mcu.externaltools.arm-none.macos64_1.17.0.201812190825/tools/compiler/bin/../lib/gcc/arm-none-eabi/7.3.1/../../../../arm-none-eabi/lib/thumb/v7-m/libm.a(lib_a-w_log.o) (__aeabi_dcmpeq)
/Applications/Ac6/SystemWorkbench.app/Contents/Eclipse/plugins/fr.ac6.mcu.externaltools.arm-none.macos64_1.17.0.201812190825/tools/compiler/bin/../lib/gcc/arm-none-eabi/7.3.1/thumb/v7-m/libgcc.a(_arm_unorddf2.o)
                              /Applications/Ac6/SystemWorkbench.app/Contents/Eclipse/plugins/fr.ac6.mcu.externaltools.arm-none.macos64_1.17.0.201812190825/tools/compiler/bin/../lib/gcc/arm-none-eabi/7.3.1/../../../../arm-none-eabi/lib/thumb/v7-m/libm.a(lib_a-w_log.o) (__aeabi_dcmpun)
/Applications/Ac6/SystemWorkbench.app/Contents/Eclipse/plugins/fr.ac6.mcu.externaltools.arm-none.macos64_1.17.0.201812190825/tools/compiler/bin/../lib/gcc/arm-none-eabi/7.3.1/thumb/v7-m/libgcc.a(_arm_fixunsdfsi.o)
                              src/main.o (__aeabi_d2uiz)
/Applications/Ac6/SystemWorkbench.app/Contents/Eclipse/plugins/fr.ac6.mcu.externaltools.arm-none.macos64_1.17.0.201812190825/tools/compiler/bin/../lib/gcc/arm-none-eabi/7.3.1/../../../../arm-none-eabi/lib/thumb/v7-m/libc.a(lib_a-errno.o)
                              src/syscalls.o (__errno)
/Applications/Ac6/SystemWorkbench.app/Contents/Eclipse/plugins/fr.ac6.mcu.externaltools.arm-none.macos64_1.17.0.201812190825/tools/compiler/bin/../lib/gcc/arm-none-eabi/7.3.1/../../../../arm-none-eabi/lib/thumb/v7-m/libc.a(lib_a-exit.o)
[...]
Memory Configuration

Name             Origin             Length             Attributes
RAM              0x0000000020000000 0x0000000000005000 xrw
ROM              0x0000000008000000 0x0000000000010000 xr
*default*        0x0000000000000000 0xffffffffffffffff

Linker script and memory map

LOAD /Applications/Ac6/SystemWorkbench.app/Contents/Eclipse/plugins/fr.ac6.mcu.externaltools.arm-none.macos64_1.17.0.201812190825/tools/compiler/bin/../lib/gcc/arm-none-eabi/7.3.1/thumb/v7-m/crti.o
LOAD /Applications/Ac6/SystemWorkbench.app/Contents/Eclipse/plugins/fr.ac6.mcu.externaltools.arm-none.macos64_1.17.0.201812190825/tools/compiler/bin/../lib/gcc/arm-none-eabi/7.3.1/thumb/v7-m/crtbegin.o
LOAD /Applications/Ac6/SystemWorkbench.app/Contents/Eclipse/plugins/fr.ac6.mcu.externaltools.arm-none.macos64_1.17.0.201812190825/tools/compiler/bin/../lib/gcc/arm-none-eabi/7.3.1/../../../../arm-none-eabi/lib/thumb/v7-m/crt0.o
LOAD HAL_Driver/Src/stm32f1xx_hal.o
LOAD HAL_Driver/Src/stm32f1xx_hal_adc.o
LOAD HAL_Driver/Src/stm32f1xx_hal_adc_ex.o
LOAD HAL_Driver/Src/stm32f1xx_hal_can.o
LOAD HAL_Driver/Src/stm32f1xx_hal_cec.o
LOAD HAL_Driver/Src/stm32f1xx_hal_cortex.o
LOAD HAL_Driver/Src/stm32f1xx_hal_crc.o
LOAD HAL_Driver/Src/stm32f1xx_hal_dac.o
LOAD HAL_Driver/Src/stm32f1xx_hal_dac_ex.o
LOAD HAL_Driver/Src/stm32f1xx_hal_dma.o
LOAD HAL_Driver/Src/stm32f1xx_hal_eth.o
LOAD HAL_Driver/Src/stm32f1xx_hal_flash.o
LOAD HAL_Driver/Src/stm32f1xx_hal_flash_ex.o
LOAD HAL_Driver/Src/stm32f1xx_hal_gpio.o
LOAD HAL_Driver/Src/stm32f1xx_hal_gpio_ex.o
LOAD HAL_Driver/Src/stm32f1xx_hal_hcd.o
LOAD HAL_Driver/Src/stm32f1xx_hal_i2c.o
LOAD HAL_Driver/Src/stm32f1xx_hal_i2s.o
LOAD HAL_Driver/Src/stm32f1xx_hal_irda.o
LOAD HAL_Driver/Src/stm32f1xx_hal_iwdg.o
LOAD HAL_Driver/Src/stm32f1xx_hal_mmc.o
LOAD HAL_Driver/Src/stm32f1xx_hal_msp_template.o
LOAD HAL_Driver/Src/stm32f1xx_hal_nand.o
LOAD HAL_Driver/Src/stm32f1xx_hal_nor.o
LOAD HAL_Driver/Src/stm32f1xx_hal_pccard.o
LOAD HAL_Driver/Src/stm32f1xx_hal_pcd.o
LOAD HAL_Driver/Src/stm32f1xx_hal_pcd_ex.o
LOAD HAL_Driver/Src/stm32f1xx_hal_pwr.o
LOAD HAL_Driver/Src/stm32f1xx_hal_rcc.o
LOAD HAL_Driver/Src/stm32f1xx_hal_rcc_ex.o
LOAD HAL_Driver/Src/stm32f1xx_hal_rtc.o
LOAD HAL_Driver/Src/stm32f1xx_hal_rtc_ex.o
LOAD HAL_Driver/Src/stm32f1xx_hal_sd.o
LOAD HAL_Driver/Src/stm32f1xx_hal_smartcard.o
LOAD HAL_Driver/Src/stm32f1xx_hal_spi.o
LOAD HAL_Driver/Src/stm32f1xx_hal_spi_ex.o
LOAD HAL_Driver/Src/stm32f1xx_hal_sram.o
LOAD HAL_Driver/Src/stm32f1xx_hal_tim.o
LOAD HAL_Driver/Src/stm32f1xx_hal_tim_ex.o
LOAD HAL_Driver/Src/stm32f1xx_hal_uart.o
LOAD HAL_Driver/Src/stm32f1xx_hal_usart.o
LOAD HAL_Driver/Src/stm32f1xx_hal_wwdg.o
LOAD HAL_Driver/Src/stm32f1xx_ll_adc.o
LOAD HAL_Driver/Src/stm32f1xx_ll_crc.o
LOAD HAL_Driver/Src/stm32f1xx_ll_dac.o
LOAD HAL_Driver/Src/stm32f1xx_ll_dma.o
LOAD HAL_Driver/Src/stm32f1xx_ll_exti.o
LOAD HAL_Driver/Src/stm32f1xx_ll_fsmc.o
LOAD HAL_Driver/Src/stm32f1xx_ll_gpio.o
LOAD HAL_Driver/Src/stm32f1xx_ll_i2c.o
LOAD HAL_Driver/Src/stm32f1xx_ll_pwr.o
LOAD HAL_Driver/Src/stm32f1xx_ll_rcc.o
LOAD HAL_Driver/Src/stm32f1xx_ll_rtc.o
LOAD HAL_Driver/Src/stm32f1xx_ll_sdmmc.o
LOAD HAL_Driver/Src/stm32f1xx_ll_spi.o
LOAD HAL_Driver/Src/stm32f1xx_ll_tim.o
LOAD HAL_Driver/Src/stm32f1xx_ll_usart.o
LOAD HAL_Driver/Src/stm32f1xx_ll_usb.o
LOAD HAL_Driver/Src/stm32f1xx_ll_utils.o
LOAD src/config.o
LOAD src/main.o
LOAD src/msp_init.o
LOAD src/stm32f1xx_it.o
LOAD src/syscalls.o
LOAD src/system_stm32f1xx.o
LOAD startup/startup_stm32.o
LOAD /Applications/Ac6/SystemWorkbench.app/Contents/Eclipse/plugins/fr.ac6.mcu.externaltools.arm-none.macos64_1.17.0.201812190825/tools/compiler/bin/../lib/gcc/arm-none-eabi/7.3.1/../../../../arm-none-eabi/lib/thumb/v7-m/libm.a
START GROUP
LOAD /Applications/Ac6/SystemWorkbench.app/Contents/Eclipse/plugins/fr.ac6.mcu.externaltools.arm-none.macos64_1.17.0.201812190825/tools/compiler/bin/../lib/gcc/arm-none-eabi/7.3.1/thumb/v7-m/libgcc.a
LOAD /Applications/Ac6/SystemWorkbench.app/Contents/Eclipse/plugins/fr.ac6.mcu.externaltools.arm-none.macos64_1.17.0.201812190825/tools/compiler/bin/../lib/gcc/arm-none-eabi/7.3.1/../../../../arm-none-eabi/lib/thumb/v7-m/libc.a
END GROUP
LOAD /Applications/Ac6/SystemWorkbench.app/Contents/Eclipse/plugins/fr.ac6.mcu.externaltools.arm-none.macos64_1.17.0.201812190825/tools/compiler/bin/../lib/gcc/arm-none-eabi/7.3.1/thumb/v7-m/crtend.o
LOAD /Applications/Ac6/SystemWorkbench.app/Contents/Eclipse/plugins/fr.ac6.mcu.externaltools.arm-none.macos64_1.17.0.201812190825/tools/compiler/bin/../lib/gcc/arm-none-eabi/7.3.1/thumb/v7-m/crtn.o
                0x0000000020005000                _estack = 0x20005000
                0x0000000000000000                _Min_Heap_Size = 0x0
                0x0000000000000400                _Min_Stack_Size = 0x400

.isr_vector     0x0000000008000000      0x130
                0x0000000008000000                . = ALIGN (0x4)
 *(.isr_vector)
 .isr_vector    0x0000000008000000      0x130 startup/startup_stm32.o
                0x0000000008000000                g_pfnVectors
                0x0000000008000130                . = ALIGN (0x4)

.text           0x0000000008000130     0x3808
                0x0000000008000130                . = ALIGN (0x4)
 *(.text)
 .text          0x0000000008000130       0x40 /Applications/Ac6/SystemWorkbench.app/Contents/Eclipse/plugins/fr.ac6.mcu.externaltools.arm-none.macos64_1.17.0.201812190825/tools/compiler/bin/../lib/gcc/arm-none-eabi/7.3.1/thumb/v7-m/crtbegin.o
 .text          0x0000000008000170      0x378 /Applications/Ac6/SystemWorkbench.app/Contents/Eclipse/plugins/fr.ac6.mcu.externaltools.arm-none.macos64_1.17.0.201812190825/tools/compiler/bin/../lib/gcc/arm-none-eabi/7.3.1/thumb/v7-m/libgcc.a(_arm_addsubdf3.o)
                0x0000000008000170                __aeabi_drsub
                0x0000000008000178                __subdf3
                0x0000000008000178                __aeabi_dsub
                0x000000000800017c                __aeabi_dadd
                0x000000000800017c                __adddf3
                0x00000000080003f4                __aeabi_ui2d
                0x00000000080003f4                __floatunsidf
                0x0000000008000414                __floatsidf
                0x0000000008000414                __aeabi_i2d
                0x0000000008000438                __extendsfdf2
                0x0000000008000438                __aeabi_f2d
                0x000000000800047c                __aeabi_ul2d
                0x000000000800047c                __floatundidf
                0x000000000800048c                __aeabi_l2d
                0x000000000800048c                __floatdidf
 .text          0x00000000080004e8      0x424 /Applications/Ac6/SystemWorkbench.app/Contents/Eclipse/plugins/fr.ac6.mcu.externaltools.arm-none.macos64_1.17.0.201812190825/tools/compiler/bin/../lib/gcc/arm-none-eabi/7.3.1/thumb/v7-m/libgcc.a(_arm_muldivdf3.o)
                0x00000000080004e8                __aeabi_dmul
                0x00000000080004e8                __muldf3
                0x000000000800073c                __aeabi_ddiv
                0x000000000800073c                __divdf3
 .text          0x000000000800090c      0x110 /Applications/Ac6/SystemWorkbench.app/Contents/Eclipse/plugins/fr.ac6.mcu.externaltools.arm-none.macos64_1.17.0.201812190825/tools/compiler/bin/../lib/gcc/arm-none-eabi/7.3.1/thumb/v7-m/libgcc.a(_arm_cmpdf2.o)
                0x000000000800090c                __gedf2
                0x000000000800090c                __gtdf2
                0x0000000008000914                __ledf2
                0x0000000008000914                __ltdf2
                0x000000000800091c                __cmpdf2
                0x000000000800091c                __eqdf2
                0x000000000800091c                __nedf2
                0x0000000008000998                __aeabi_cdrcmple
                0x00000000080009a8                __aeabi_cdcmple
                0x00000000080009a8                __aeabi_cdcmpeq
                0x00000000080009b8                __aeabi_dcmpeq
                0x00000000080009cc                __aeabi_dcmplt
                0x00000000080009e0                __aeabi_dcmple
                0x00000000080009f4                __aeabi_dcmpge
                0x0000000008000a08                __aeabi_dcmpgt
 .text          0x0000000008000a1c       0x2c /Applications/Ac6/SystemWorkbench.app/Contents/Eclipse/plugins/fr.ac6.mcu.externaltools.arm-none.macos64_1.17.0.201812190825/tools/compiler/bin/../lib/gcc/arm-none-eabi/7.3.1/thumb/v7-m/libgcc.a(_arm_unorddf2.o)
                0x0000000008000a1c                __aeabi_dcmpun
                0x0000000008000a1c                __unorddf2
 .text          0x0000000008000a48       0x40 /Applications/Ac6/SystemWorkbench.app/Contents/Eclipse/plugins/fr.ac6.mcu.externaltools.arm-none.macos64_1.17.0.201812190825/tools/compiler/bin/../lib/gcc/arm-none-eabi/7.3.1/thumb/v7-m/libgcc.a(_arm_fixunsdfsi.o)
                0x0000000008000a48                __fixunsdfsi
                0x0000000008000a48                __aeabi_d2uiz
 *(.text*)
 .text.HAL_Init
                0x0000000008000a88       0x2c HAL_Driver/Src/stm32f1xx_hal.o
                0x0000000008000a88                HAL_Init
 .text.HAL_InitTick
                0x0000000008000ab4       0x60 HAL_Driver/Src/stm32f1xx_hal.o
                0x0000000008000ab4                HAL_InitTick
 .text.HAL_IncTick
                0x0000000008000b14       0x24 HAL_Driver/Src/stm32f1xx_hal.o
                0x0000000008000b14                HAL_IncTick
 .text.HAL_GetTick
                0x0000000008000b38       0x14 HAL_Driver/Src/stm32f1xx_hal.o
                0x0000000008000b38                HAL_GetTick
 .text.HAL_Delay
                0x0000000008000b4c       0x44 HAL_Driver/Src/stm32f1xx_hal.o
                0x0000000008000b4c                HAL_Delay
 .text.HAL_ADC_Init
                0x0000000008000b90      0x1b0 HAL_Driver/Src/stm32f1xx_hal_adc.o
                0x0000000008000b90                HAL_ADC_Init
 .text.HAL_ADC_Start
                0x0000000008000d40      0x15c HAL_Driver/Src/stm32f1xx_hal_adc.o
                0x0000000008000d40                HAL_ADC_Start
 .text.HAL_ADC_Stop
                0x0000000008000e9c       0x58 HAL_Driver/Src/stm32f1xx_hal_adc.o
                0x0000000008000e9c                HAL_ADC_Stop
 .text.HAL_ADC_PollForConversion
                0x0000000008000ef4      0x1f4 HAL_Driver/Src/stm32f1xx_hal_adc.o
                0x0000000008000ef4                HAL_ADC_PollForConversion
 .text.HAL_ADC_GetValue
                0x00000000080010e8       0x18 HAL_Driver/Src/stm32f1xx_hal_adc.o
                0x00000000080010e8                HAL_ADC_GetValue
 .text.HAL_ADC_ConfigChannel
                0x0000000008001100      0x1f0 HAL_Driver/Src/stm32f1xx_hal_adc.o
                0x0000000008001100                HAL_ADC_ConfigChannel
 .text.ADC_Enable
                0x00000000080012f0       0xa4 HAL_Driver/Src/stm32f1xx_hal_adc.o
                0x00000000080012f0                ADC_Enable
 .text.ADC_ConversionStop_Disable
                0x0000000008001394       0x74 HAL_Driver/Src/stm32f1xx_hal_adc.o
                0x0000000008001394                ADC_ConversionStop_Disable
 .text.HAL_CAN_Init
                0x0000000008001408      0x1f6 HAL_Driver/Src/stm32f1xx_hal_can.o
                0x0000000008001408                HAL_CAN_Init
 .text.HAL_CAN_ConfigFilter
                0x00000000080015fe      0x192 HAL_Driver/Src/stm32f1xx_hal_can.o
                0x00000000080015fe                HAL_CAN_ConfigFilter
 .text.HAL_CAN_Start
                0x0000000008001790       0x88 HAL_Driver/Src/stm32f1xx_hal_can.o
                0x0000000008001790                HAL_CAN_Start
 .text.HAL_CAN_AddTxMessage
                0x0000000008001818      0x1b4 HAL_Driver/Src/stm32f1xx_hal_can.o
                0x0000000008001818                HAL_CAN_AddTxMessage
 .text.NVIC_SetPriorityGrouping
                0x00000000080019cc       0x48 HAL_Driver/Src/stm32f1xx_hal_cortex.o
 .text.NVIC_GetPriorityGrouping
                0x0000000008001a14       0x1c HAL_Driver/Src/stm32f1xx_hal_cortex.o
 .text.NVIC_SetPriority
                0x0000000008001a30       0x54 HAL_Driver/Src/stm32f1xx_hal_cortex.o
 .text.NVIC_EncodePriority
                0x0000000008001a84       0x64 HAL_Driver/Src/stm32f1xx_hal_cortex.o
 .text.SysTick_Config
                0x0000000008001ae8       0x44 HAL_Driver/Src/stm32f1xx_hal_cortex.o
 .text.HAL_NVIC_SetPriorityGrouping
                0x0000000008001b2c       0x16 HAL_Driver/Src/stm32f1xx_hal_cortex.o
                0x0000000008001b2c                HAL_NVIC_SetPriorityGrouping
 .text.HAL_NVIC_SetPriority
                0x0000000008001b42       0x38 HAL_Driver/Src/stm32f1xx_hal_cortex.o
                0x0000000008001b42                HAL_NVIC_SetPriority
 .text.HAL_SYSTICK_Config
                0x0000000008001b7a       0x18 HAL_Driver/Src/stm32f1xx_hal_cortex.o
                0x0000000008001b7a                HAL_SYSTICK_Config
 .text.HAL_SYSTICK_IRQHandler
                0x0000000008001b92        0xc HAL_Driver/Src/stm32f1xx_hal_cortex.o
                0x0000000008001b92                HAL_SYSTICK_IRQHandler
 .text.HAL_SYSTICK_Callback
                0x0000000008001b9e        0xc HAL_Driver/Src/stm32f1xx_hal_cortex.o
                0x0000000008001b9e                HAL_SYSTICK_Callback
 *fill*         0x0000000008001baa        0x2 
 .text.HAL_GPIO_Init
                0x0000000008001bac      0x2bc HAL_Driver/Src/stm32f1xx_hal_gpio.o
                0x0000000008001bac                HAL_GPIO_Init
 .text.HAL_GPIO_WritePin
                0x0000000008001e68       0x30 HAL_Driver/Src/stm32f1xx_hal_gpio.o
                0x0000000008001e68                HAL_GPIO_WritePin
 .text.HAL_MspInit
                0x0000000008001e98        0xc HAL_Driver/Src/stm32f1xx_hal_msp_template.o
                0x0000000008001e98                HAL_MspInit
 .text.HAL_RCC_OscConfig
                0x0000000008001ea4      0x4c8 HAL_Driver/Src/stm32f1xx_hal_rcc.o
                0x0000000008001ea4                HAL_RCC_OscConfig
 .text.HAL_RCC_ClockConfig
                0x000000000800236c      0x218 HAL_Driver/Src/stm32f1xx_hal_rcc.o
                0x000000000800236c                HAL_RCC_ClockConfig
 .text.HAL_RCC_GetSysClockFreq
                0x0000000008002584       0xc4 HAL_Driver/Src/stm32f1xx_hal_rcc.o
                0x0000000008002584                HAL_RCC_GetSysClockFreq
 .text.HAL_RCC_GetHCLKFreq
                0x0000000008002648       0x14 HAL_Driver/Src/stm32f1xx_hal_rcc.o
                0x0000000008002648                HAL_RCC_GetHCLKFreq
 .text.HAL_RCC_GetPCLK2Freq
                0x000000000800265c       0x28 HAL_Driver/Src/stm32f1xx_hal_rcc.o
                0x000000000800265c                HAL_RCC_GetPCLK2Freq
 .text.RCC_Delay
                0x0000000008002684       0x3c HAL_Driver/Src/stm32f1xx_hal_rcc.o
 .text.HAL_RCCEx_PeriphCLKConfig
                0x00000000080026c0      0x16c HAL_Driver/Src/stm32f1xx_hal_rcc_ex.o
                0x00000000080026c0                HAL_RCCEx_PeriphCLKConfig
 .text.HAL_RCCEx_GetPeriphCLKFreq
                0x000000000800282c      0x180 HAL_Driver/Src/stm32f1xx_hal_rcc_ex.o
                0x000000000800282c                HAL_RCCEx_GetPeriphCLKFreq
 .text.RCC_init
                0x00000000080029ac       0x76 src/config.o
                0x00000000080029ac                RCC_init
 *fill*         0x0000000008002a22        0x2 
 .text.GPIO_init
                0x0000000008002a24      0x13c src/config.o
                0x0000000008002a24                GPIO_init
 .text.ADC_init
                0x0000000008002b60       0x4c src/config.o
                0x0000000008002b60                ADC_init
 .text.CAN_init
                0x0000000008002bac       0xec src/config.o
                0x0000000008002bac                CAN_init
 .text.main     0x0000000008002c98      0x290 src/main.o
                0x0000000008002c98                main
 .text.blink    0x0000000008002f28       0x54 src/main.o
                0x0000000008002f28                blink
 .text.select_channel
                0x0000000008002f7c       0xdc src/main.o
                0x0000000008002f7c                select_channel
 .text.err      0x0000000008003058       0x18 src/main.o
                0x0000000008003058                err
 .text.HAL_ADC_MspInit
                0x0000000008003070       0xa4 src/msp_init.o
                0x0000000008003070                HAL_ADC_MspInit
 .text.HAL_CAN_MspInit
                0x0000000008003114       0x98 src/msp_init.o
                0x0000000008003114                HAL_CAN_MspInit
 .text.SysTick_Handler
                0x00000000080031ac       0x10 src/stm32f1xx_it.o
                0x00000000080031ac                SysTick_Handler
 .text.SystemInit
                0x00000000080031bc       0x68 src/system_stm32f1xx.o
                0x00000000080031bc                SystemInit
 .text.Reset_Handler
                0x0000000008003224       0x50 startup/startup_stm32.o
                0x0000000008003224                Reset_Handler
 .text.Default_Handler
                0x0000000008003274        0x2 startup/startup_stm32.o
                0x0000000008003274                DMA2_Channel3_IRQHandler
                0x0000000008003274                TIM8_TRG_COM_IRQHandler
                0x0000000008003274                TIM8_CC_IRQHandler
                0x0000000008003274                DebugMon_Handler
                0x0000000008003274                TIM1_CC_IRQHandler
                0x0000000008003274                HardFault_Handler
                0x0000000008003274                TIM6_IRQHandler
                0x0000000008003274                PVD_IRQHandler
                0x0000000008003274                SDIO_IRQHandler
                0x0000000008003274                PendSV_Handler
                0x0000000008003274                NMI_Handler
                0x0000000008003274                EXTI3_IRQHandler
                0x0000000008003274                USB_HP_CAN_TX_IRQHandler
                0x0000000008003274                EXTI0_IRQHandler
                0x0000000008003274                I2C2_EV_IRQHandler
                0x0000000008003274                UsageFault_Handler
                0x0000000008003274                ADC1_2_IRQHandler
                0x0000000008003274                SPI1_IRQHandler
                0x0000000008003274                CAN_SCE_IRQHandler
                0x0000000008003274                TAMPER_IRQHandler
                0x0000000008003274                TIM8_UP_IRQHandler
                0x0000000008003274                DMA2_Channel2_IRQHandler
                0x0000000008003274                DMA1_Channel4_IRQHandler
                0x0000000008003274                USART3_IRQHandler
                0x0000000008003274                RTC_IRQHandler
                0x0000000008003274                DMA1_Channel7_IRQHandler
                0x0000000008003274                UART5_IRQHandler
                0x0000000008003274                ADC3_IRQHandler
                0x0000000008003274                TIM4_IRQHandler
                0x0000000008003274                CAN_RX1_IRQHandler
                0x0000000008003274                DMA2_Channel1_IRQHandler
                0x0000000008003274                I2C1_EV_IRQHandler
                0x0000000008003274                DMA1_Channel6_IRQHandler
                0x0000000008003274                UART4_IRQHandler
                0x0000000008003274                TIM3_IRQHandler
                0x0000000008003274                RCC_IRQHandler
                0x0000000008003274                TIM1_TRG_COM_IRQHandler
                0x0000000008003274                DMA1_Channel1_IRQHandler
                0x0000000008003274                Default_Handler
                0x0000000008003274                EXTI15_10_IRQHandler
                0x0000000008003274                TIM7_IRQHandler
                0x0000000008003274                TIM5_IRQHandler
                0x0000000008003274                EXTI9_5_IRQHandler
                0x0000000008003274                SPI2_IRQHandler
                0x0000000008003274                USB_LP_CAN_RX0_IRQHandler
                0x0000000008003274                MemManage_Handler
                0x0000000008003274                SVC_Handler
                0x0000000008003274                DMA1_Channel5_IRQHandler
                0x0000000008003274                EXTI4_IRQHandler
                0x0000000008003274                DMA1_Channel3_IRQHandler
                0x0000000008003274                FSMC_IRQHandler
                0x0000000008003274                TIM1_UP_IRQHandler
                0x0000000008003274                WWDG_IRQHandler
                0x0000000008003274                TIM2_IRQHandler
                0x0000000008003274                TIM1_BRK_IRQHandler
                0x0000000008003274                EXTI1_IRQHandler
                0x0000000008003274                RTCAlarm_IRQHandler
                0x0000000008003274                DMA2_Channel4_5_IRQHandler
                0x0000000008003274                USART2_IRQHandler
                0x0000000008003274                I2C2_ER_IRQHandler
                0x0000000008003274                DMA1_Channel2_IRQHandler
                0x0000000008003274                TIM8_BRK_IRQHandler
                0x0000000008003274                FLASH_IRQHandler
                0x0000000008003274                BusFault_Handler
                0x0000000008003274                USART1_IRQHandler
                0x0000000008003274                SPI3_IRQHandler
                0x0000000008003274                I2C1_ER_IRQHandler
                0x0000000008003274                EXTI2_IRQHandler
 *fill*         0x0000000008003276        0x2 
 .text.log      0x0000000008003278       0xfc /Applications/Ac6/SystemWorkbench.app/Contents/Eclipse/plugins/fr.ac6.mcu.externaltools.arm-none.macos64_1.17.0.201812190825/tools/compiler/bin/../lib/gcc/arm-none-eabi/7.3.1/../../../../arm-none-eabi/lib/thumb/v7-m/libm.a(lib_a-w_log.o)
                0x0000000008003278                log
 *fill*         0x0000000008003374        0x4 
 .text.__ieee754_log
                0x0000000008003378      0x394 /Applications/Ac6/SystemWorkbench.app/Contents/Eclipse/plugins/fr.ac6.mcu.externaltools.arm-none.macos64_1.17.0.201812190825/tools/compiler/bin/../lib/gcc/arm-none-eabi/7.3.1/../../../../arm-none-eabi/lib/thumb/v7-m/libm.a(lib_a-e_log.o)
                0x0000000008003378                __ieee754_log
 .text.matherr  0x000000000800370c        0x4 /Applications/Ac6/SystemWorkbench.app/Contents/Eclipse/plugins/fr.ac6.mcu.externaltools.arm-none.macos64_1.17.0.201812190825/tools/compiler/bin/../lib/gcc/arm-none-eabi/7.3.1/../../../../arm-none-eabi/lib/thumb/v7-m/libm.a(lib_a-s_matherr.o)
                0x000000000800370c                matherr
 .text.nan      0x0000000008003710        0xc /Applications/Ac6/SystemWorkbench.app/Contents/Eclipse/plugins/fr.ac6.mcu.externaltools.arm-none.macos64_1.17.0.201812190825/tools/compiler/bin/../lib/gcc/arm-none-eabi/7.3.1/../../../../arm-none-eabi/lib/thumb/v7-m/libm.a(lib_a-s_nan.o)
                0x0000000008003710                nan
 .text.__errno  0x000000000800371c        0xc /Applications/Ac6/SystemWorkbench.app/Contents/Eclipse/plugins/fr.ac6.mcu.externaltools.arm-none.macos64_1.17.0.201812190825/tools/compiler/bin/../lib/gcc/arm-none-eabi/7.3.1/../../../../arm-none-eabi/lib/thumb/v7-m/libc.a(lib_a-errno.o)
                0x000000000800371c                __errno
 .text.__libc_init_array
                0x0000000008003728       0x48 /Applications/Ac6/SystemWorkbench.app/Contents/Eclipse/plugins/fr.ac6.mcu.externaltools.arm-none.macos64_1.17.0.201812190825/tools/compiler/bin/../lib/gcc/arm-none-eabi/7.3.1/../../../../arm-none-eabi/lib/thumb/v7-m/libc.a(lib_a-init.o)
                0x0000000008003728                __libc_init_array
 .text.memset   0x0000000008003770       0x94 /Applications/Ac6/SystemWorkbench.app/Contents/Eclipse/plugins/fr.ac6.mcu.externaltools.arm-none.macos64_1.17.0.201812190825/tools/compiler/bin/../lib/gcc/arm-none-eabi/7.3.1/../../../../arm-none-eabi/lib/thumb/v7-m/libc.a(lib_a-memset.o)
                0x0000000008003770                memset
 .text.startup.register_fini
                0x0000000008003804       0x14 /Applications/Ac6/SystemWorkbench.app/Contents/Eclipse/plugins/fr.ac6.mcu.externaltools.arm-none.macos64_1.17.0.201812190825/tools/compiler/bin/../lib/gcc/arm-none-eabi/7.3.1/../../../../arm-none-eabi/lib/thumb/v7-m/libc.a(lib_a-__call_atexit.o)
 .text.atexit   0x0000000008003818        0xc /Applications/Ac6/SystemWorkbench.app/Contents/Eclipse/plugins/fr.ac6.mcu.externaltools.arm-none.macos64_1.17.0.201812190825/tools/compiler/bin/../lib/gcc/arm-none-eabi/7.3.1/../../../../arm-none-eabi/lib/thumb/v7-m/libc.a(lib_a-atexit.o)
                0x0000000008003818                atexit
 .text.__libc_fini_array
                0x0000000008003824       0x34 /Applications/Ac6/SystemWorkbench.app/Contents/Eclipse/plugins/fr.ac6.mcu.externaltools.arm-none.macos64_1.17.0.201812190825/tools/compiler/bin/../lib/gcc/arm-none-eabi/7.3.1/../../../../arm-none-eabi/lib/thumb/v7-m/libc.a(lib_a-fini.o)
                0x0000000008003824                __libc_fini_array
 .text.__retarget_lock_acquire_recursive
                0x0000000008003858        0x4 /Applications/Ac6/SystemWorkbench.app/Contents/Eclipse/plugins/fr.ac6.mcu.externaltools.arm-none.macos64_1.17.0.201812190825/tools/compiler/bin/../lib/gcc/arm-none-eabi/7.3.1/../../../../arm-none-eabi/lib/thumb/v7-m/libc.a(lib_a-lock.o)
                0x0000000008003858                __retarget_lock_acquire_recursive
 .text.__retarget_lock_release_recursive
                0x000000000800385c        0x4 /Applications/Ac6/SystemWorkbench.app/Contents/Eclipse/plugins/fr.ac6.mcu.externaltools.arm-none.macos64_1.17.0.201812190825/tools/compiler/bin/../lib/gcc/arm-none-eabi/7.3.1/../../../../arm-none-eabi/lib/thumb/v7-m/libc.a(lib_a-lock.o)
                0x000000000800385c                __retarget_lock_release_recursive
 .text.__register_exitproc
                0x0000000008003860       0xc0 /Applications/Ac6/SystemWorkbench.app/Contents/Eclipse/plugins/fr.ac6.mcu.externaltools.arm-none.macos64_1.17.0.201812190825/tools/compiler/bin/../lib/gcc/arm-none-eabi/7.3.1/../../../../arm-none-eabi/lib/thumb/v7-m/libc.a(lib_a-__atexit.o)
                0x0000000008003860                __register_exitproc
 *(.glue_7)
 .glue_7        0x0000000008003920        0x0 linker stubs
 *(.glue_7t)
 .glue_7t       0x0000000008003920        0x0 linker stubs
 *(.eh_frame)
 .eh_frame      0x0000000008003920        0x0 /Applications/Ac6/SystemWorkbench.app/Contents/Eclipse/plugins/fr.ac6.mcu.externaltools.arm-none.macos64_1.17.0.201812190825/tools/compiler/bin/../lib/gcc/arm-none-eabi/7.3.1/thumb/v7-m/crtbegin.o
 *(.init)
 .init          0x0000000008003920        0x4 /Applications/Ac6/SystemWorkbench.app/Contents/Eclipse/plugins/fr.ac6.mcu.externaltools.arm-none.macos64_1.17.0.201812190825/tools/compiler/bin/../lib/gcc/arm-none-eabi/7.3.1/thumb/v7-m/crti.o
                0x0000000008003920                _init
 .init          0x0000000008003924        0x8 /Applications/Ac6/SystemWorkbench.app/Contents/Eclipse/plugins/fr.ac6.mcu.externaltools.arm-none.macos64_1.17.0.201812190825/tools/compiler/bin/../lib/gcc/arm-none-eabi/7.3.1/thumb/v7-m/crtn.o
 *(.fini)
 .fini          0x000000000800392c        0x4 /Applications/Ac6/SystemWorkbench.app/Contents/Eclipse/plugins/fr.ac6.mcu.externaltools.arm-none.macos64_1.17.0.201812190825/tools/compiler/bin/../lib/gcc/arm-none-eabi/7.3.1/thumb/v7-m/crti.o
                0x000000000800392c                _fini
 .fini          0x0000000008003930        0x8 /Applications/Ac6/SystemWorkbench.app/Contents/Eclipse/plugins/fr.ac6.mcu.externaltools.arm-none.macos64_1.17.0.201812190825/tools/compiler/bin/../lib/gcc/arm-none-eabi/7.3.1/thumb/v7-m/crtn.o
                0x0000000008003938                . = ALIGN (0x4)
                0x0000000008003938                _etext = .

.vfp11_veneer   0x0000000008003938        0x0
 .vfp11_veneer  0x0000000008003938        0x0 linker stubs

.v4_bx          0x0000000008003938        0x0
 .v4_bx         0x0000000008003938        0x0 linker stubs

.iplt           0x0000000008003938        0x0
 .iplt          0x0000000008003938        0x0 /Applications/Ac6/SystemWorkbench.app/Contents/Eclipse/plugins/fr.ac6.mcu.externaltools.arm-none.macos64_1.17.0.201812190825/tools/compiler/bin/../lib/gcc/arm-none-eabi/7.3.1/thumb/v7-m/crtbegin.o

.rodata         0x0000000008003938       0x4c
                0x0000000008003938                . = ALIGN (0x4)
 *(.rodata)
 .rodata        0x0000000008003938       0x12 HAL_Driver/Src/stm32f1xx_hal_rcc.o
 *fill*         0x000000000800394a        0x2 
 .rodata        0x000000000800394c       0x12 HAL_Driver/Src/stm32f1xx_hal_rcc_ex.o
 *fill*         0x000000000800395e        0x2 
 .rodata        0x0000000008003960       0x18 src/system_stm32f1xx.o
                0x0000000008003960                AHBPrescTable
                0x0000000008003970                APBPrescTable
 *(.rodata*)
 .rodata.log.str1.4
                0x0000000008003978        0x8 /Applications/Ac6/SystemWorkbench.app/Contents/Eclipse/plugins/fr.ac6.mcu.externaltools.arm-none.macos64_1.17.0.201812190825/tools/compiler/bin/../lib/gcc/arm-none-eabi/7.3.1/../../../../arm-none-eabi/lib/thumb/v7-m/libm.a(lib_a-w_log.o)
                                          0x5 (size before relaxing)
 .rodata._global_impure_ptr
                0x0000000008003980        0x4 /Applications/Ac6/SystemWorkbench.app/Contents/Eclipse/plugins/fr.ac6.mcu.externaltools.arm-none.macos64_1.17.0.201812190825/tools/compiler/bin/../lib/gcc/arm-none-eabi/7.3.1/../../../../arm-none-eabi/lib/thumb/v7-m/libc.a(lib_a-impure.o)
                0x0000000008003980                _global_impure_ptr
                0x0000000008003984                . = ALIGN (0x4)

.rel.dyn        0x0000000008003984        0x0
 .rel.iplt      0x0000000008003984        0x0 /Applications/Ac6/SystemWorkbench.app/Contents/Eclipse/plugins/fr.ac6.mcu.externaltools.arm-none.macos64_1.17.0.201812190825/tools/compiler/bin/../lib/gcc/arm-none-eabi/7.3.1/thumb/v7-m/crtbegin.o

.ARM.extab      0x0000000008003984        0x0
                0x0000000008003984                . = ALIGN (0x4)
 *(.ARM.extab* .gnu.linkonce.armextab.*)
                0x0000000008003984                . = ALIGN (0x4)

.ARM            0x0000000008003984        0x0
                0x0000000008003984                . = ALIGN (0x4)
                0x0000000008003984                __exidx_start = .
 *(.ARM.exidx*)
                0x0000000008003984                __exidx_end = .
                0x0000000008003984                . = ALIGN (0x4)

.preinit_array  0x0000000008003984        0x0
                0x0000000008003984                . = ALIGN (0x4)
                0x0000000008003984                PROVIDE (__preinit_array_start = .)
 *(.preinit_array*)
                0x0000000008003984                PROVIDE (__preinit_array_end = .)
                0x0000000008003984                . = ALIGN (0x4)

.init_array     0x0000000008003984        0x8
                0x0000000008003984                . = ALIGN (0x4)
                0x0000000008003984                PROVIDE (__init_array_start = .)
 *(SORT_BY_NAME(.init_array.*))
 .init_array.00000
                0x0000000008003984        0x4 /Applications/Ac6/SystemWorkbench.app/Contents/Eclipse/plugins/fr.ac6.mcu.externaltools.arm-none.macos64_1.17.0.201812190825/tools/compiler/bin/../lib/gcc/arm-none-eabi/7.3.1/../../../../arm-none-eabi/lib/thumb/v7-m/libc.a(lib_a-__call_atexit.o)
 *(.init_array*)
 .init_array    0x0000000008003988        0x4 /Applications/Ac6/SystemWorkbench.app/Contents/Eclipse/plugins/fr.ac6.mcu.externaltools.arm-none.macos64_1.17.0.201812190825/tools/compiler/bin/../lib/gcc/arm-none-eabi/7.3.1/thumb/v7-m/crtbegin.o
                0x000000000800398c                PROVIDE (__init_array_end = .)
                0x000000000800398c                . = ALIGN (0x4)

.fini_array     0x000000000800398c        0x4
                0x000000000800398c                . = ALIGN (0x4)
                0x000000000800398c                PROVIDE (__fini_array_start = .)
 *(SORT_BY_NAME(.fini_array.*))
 *(.fini_array*)
 .fini_array    0x000000000800398c        0x4 /Applications/Ac6/SystemWorkbench.app/Contents/Eclipse/plugins/fr.ac6.mcu.externaltools.arm-none.macos64_1.17.0.201812190825/tools/compiler/bin/../lib/gcc/arm-none-eabi/7.3.1/thumb/v7-m/crtbegin.o
                0x0000000008003990                PROVIDE (__fini_array_end = .)
                0x0000000008003990                . = ALIGN (0x4)
                0x0000000008003990                _sidata = LOADADDR (.data)

.data           0x0000000020000000      0x454 load address 0x0000000008003990
                0x0000000020000000                . = ALIGN (0x4)
                0x0000000020000000                _sdata = .
 *(.data)
 .data          0x0000000020000000        0x5 HAL_Driver/Src/stm32f1xx_hal.o
                0x0000000020000000                uwTickPrio
                0x0000000020000004                uwTickFreq
 *fill*         0x0000000020000005        0x3 
 .data          0x0000000020000008       0x10 src/main.o
                0x0000000020000008                r_0
                0x000000002000000c                adc_max
                0x0000000020000010                b
                0x0000000020000014                t_0
 .data          0x0000000020000018        0x4 src/system_stm32f1xx.o
                0x0000000020000018                SystemCoreClock
 *(.data*)
 .data.__fdlib_version
                0x000000002000001c        0x1 /Applications/Ac6/SystemWorkbench.app/Contents/Eclipse/plugins/fr.ac6.mcu.externaltools.arm-none.macos64_1.17.0.201812190825/tools/compiler/bin/../lib/gcc/arm-none-eabi/7.3.1/../../../../arm-none-eabi/lib/thumb/v7-m/libm.a(lib_a-s_lib_ver.o)
                0x000000002000001c                __fdlib_version
 *fill*         0x000000002000001d        0x3 
 .data._impure_ptr
                0x0000000020000020        0x4 /Applications/Ac6/SystemWorkbench.app/Contents/Eclipse/plugins/fr.ac6.mcu.externaltools.arm-none.macos64_1.17.0.201812190825/tools/compiler/bin/../lib/gcc/arm-none-eabi/7.3.1/../../../../arm-none-eabi/lib/thumb/v7-m/libc.a(lib_a-impure.o)
                0x0000000020000020                _impure_ptr
 *fill*         0x0000000020000024        0x4 
 .data.impure_data
                0x0000000020000028      0x428 /Applications/Ac6/SystemWorkbench.app/Contents/Eclipse/plugins/fr.ac6.mcu.externaltools.arm-none.macos64_1.17.0.201812190825/tools/compiler/bin/../lib/gcc/arm-none-eabi/7.3.1/../../../../arm-none-eabi/lib/thumb/v7-m/libc.a(lib_a-impure.o)
 .data.__atexit_recursive_mutex
                0x0000000020000450        0x4 /Applications/Ac6/SystemWorkbench.app/Contents/Eclipse/plugins/fr.ac6.mcu.externaltools.arm-none.macos64_1.17.0.201812190825/tools/compiler/bin/../lib/gcc/arm-none-eabi/7.3.1/../../../../arm-none-eabi/lib/thumb/v7-m/libc.a(lib_a-__call_atexit.o)
                0x0000000020000450                __atexit_recursive_mutex
                0x0000000020000454                . = ALIGN (0x4)
                0x0000000020000454                _edata = .

.igot.plt       0x0000000020000454        0x0 load address 0x0000000008003de4
 .igot.plt      0x0000000020000454        0x0 /Applications/Ac6/SystemWorkbench.app/Contents/Eclipse/plugins/fr.ac6.mcu.externaltools.arm-none.macos64_1.17.0.201812190825/tools/compiler/bin/../lib/gcc/arm-none-eabi/7.3.1/thumb/v7-m/crtbegin.o
                0x0000000020000454                . = ALIGN (0x4)

.bss            0x0000000020000454       0xb4 load address 0x0000000008003de4
                0x0000000020000454                _sbss = .
                0x0000000020000454                __bss_start__ = _sbss
 *(.bss)
 .bss           0x0000000020000454       0x1c /Applications/Ac6/SystemWorkbench.app/Contents/Eclipse/plugins/fr.ac6.mcu.externaltools.arm-none.macos64_1.17.0.201812190825/tools/compiler/bin/../lib/gcc/arm-none-eabi/7.3.1/thumb/v7-m/crtbegin.o
 *(.bss*)
 *(COMMON)
 COMMON         0x0000000020000470        0x4 HAL_Driver/Src/stm32f1xx_hal.o
                0x0000000020000470                uwTick
 COMMON         0x0000000020000474       0x70 src/config.o
                0x0000000020000474                hcan
                0x000000002000049c                msg
                0x00000000200004b4                hadc
 COMMON         0x00000000200004e4       0x21 /Applications/Ac6/SystemWorkbench.app/Contents/Eclipse/plugins/fr.ac6.mcu.externaltools.arm-none.macos64_1.17.0.201812190825/tools/compiler/bin/../lib/gcc/arm-none-eabi/7.3.1/../../../../arm-none-eabi/lib/thumb/v7-m/libc.a(lib_a-lock.o)
                0x00000000200004e4                __lock___atexit_recursive_mutex
                0x00000000200004e8                __lock___arc4random_mutex
                0x00000000200004ec                __lock___env_recursive_mutex
                0x00000000200004f0                __lock___sinit_recursive_mutex
                0x00000000200004f4                __lock___malloc_recursive_mutex
                0x00000000200004f8                __lock___at_quick_exit_mutex
                0x00000000200004fc                __lock___dd_hash_mutex
                0x0000000020000500                __lock___tz_mutex
                0x0000000020000504                __lock___sfp_recursive_mutex
                0x0000000020000508                . = ALIGN (0x4)
 *fill*         0x0000000020000505        0x3 
                0x0000000020000508                _ebss = .
                0x0000000020000508                __bss_end__ = _ebss

._user_heap_stack
                0x0000000020000508      0x400 load address 0x0000000008003de4
                0x0000000020000508                . = ALIGN (0x8)
                0x0000000020000508                PROVIDE (end = .)
                [!provide]                        PROVIDE (_end = .)
                0x0000000020000508                . = (. + _Min_Heap_Size)
                0x0000000020000908                . = (. + _Min_Stack_Size)
 *fill*         0x0000000020000508      0x400 
                0x0000000020000908                . = ALIGN (0x8)

/DISCARD/
 libc.a(*)
 libm.a(*)
 libgcc.a(*)

.ARM.attributes
                0x0000000000000000       0x29
 *(.ARM.attributes)
 .ARM.attributes
                0x0000000000000000       0x1d /Applications/Ac6/SystemWorkbench.app/Contents/Eclipse/plugins/fr.ac6.mcu.externaltools.arm-none.macos64_1.17.0.201812190825/tools/compiler/bin/../lib/gcc/arm-none-eabi/7.3.1/thumb/v7-m/crti.o
 .ARM.attributes
                0x000000000000001d       0x2d /Applications/Ac6/SystemWorkbench.app/Contents/Eclipse/plugins/fr.ac6.mcu.externaltools.arm-none.macos64_1.17.0.201812190825/tools/compiler/bin/../lib/gcc/arm-none-eabi/7.3.1/thumb/v7-m/crtbegin.o
 .ARM.attributes
                0x000000000000004a       0x33 HAL_Driver/Src/stm32f1xx_hal.o
 .ARM.attributes
                0x000000000000007d       0x33 HAL_Driver/Src/stm32f1xx_hal_adc.o
 .ARM.attributes
                0x00000000000000b0       0x33 HAL_Driver/Src/stm32f1xx_hal_can.o
 .ARM.attributes
                0x00000000000000e3       0x33 HAL_Driver/Src/stm32f1xx_hal_cortex.o
 .ARM.attributes
                0x0000000000000116       0x33 HAL_Driver/Src/stm32f1xx_hal_gpio.o
 .ARM.attributes
                0x0000000000000149       0x33 HAL_Driver/Src/stm32f1xx_hal_msp_template.o
 .ARM.attributes
                0x000000000000017c       0x33 HAL_Driver/Src/stm32f1xx_hal_rcc.o
 .ARM.attributes
                0x00000000000001af       0x33 HAL_Driver/Src/stm32f1xx_hal_rcc_ex.o
 .ARM.attributes
                0x00000000000001e2       0x33 src/config.o
 .ARM.attributes
                0x0000000000000215       0x33 src/main.o
 .ARM.attributes
                0x0000000000000248       0x33 src/msp_init.o
 .ARM.attributes
                0x000000000000027b       0x33 src/stm32f1xx_it.o
 .ARM.attributes
                0x00000000000002ae       0x33 src/system_stm32f1xx.o
 .ARM.attributes
                0x00000000000002e1       0x21 startup/startup_stm32.o
 .ARM.attributes
                0x0000000000000302       0x2d /Applications/Ac6/SystemWorkbench.app/Contents/Eclipse/plugins/fr.ac6.mcu.externaltools.arm-none.macos64_1.17.0.201812190825/tools/compiler/bin/../lib/gcc/arm-none-eabi/7.3.1/../../../../arm-none-eabi/lib/thumb/v7-m/libm.a(lib_a-w_log.o)
 .ARM.attributes
                0x000000000000032f       0x2d /Applications/Ac6/SystemWorkbench.app/Contents/Eclipse/plugins/fr.ac6.mcu.externaltools.arm-none.macos64_1.17.0.201812190825/tools/compiler/bin/../lib/gcc/arm-none-eabi/7.3.1/../../../../arm-none-eabi/lib/thumb/v7-m/libm.a(lib_a-e_log.o)
 .ARM.attributes
                0x000000000000035c       0x2d /Applications/Ac6/SystemWorkbench.app/Contents/Eclipse/plugins/fr.ac6.mcu.externaltools.arm-none.macos64_1.17.0.201812190825/tools/compiler/bin/../lib/gcc/arm-none-eabi/7.3.1/../../../../arm-none-eabi/lib/thumb/v7-m/libm.a(lib_a-s_lib_ver.o)
 .ARM.attributes
                0x0000000000000389       0x2d /Applications/Ac6/SystemWorkbench.app/Contents/Eclipse/plugins/fr.ac6.mcu.externaltools.arm-none.macos64_1.17.0.201812190825/tools/compiler/bin/../lib/gcc/arm-none-eabi/7.3.1/../../../../arm-none-eabi/lib/thumb/v7-m/libm.a(lib_a-s_matherr.o)
 .ARM.attributes
                0x00000000000003b6       0x2d /Applications/Ac6/SystemWorkbench.app/Contents/Eclipse/plugins/fr.ac6.mcu.externaltools.arm-none.macos64_1.17.0.201812190825/tools/compiler/bin/../lib/gcc/arm-none-eabi/7.3.1/../../../../arm-none-eabi/lib/thumb/v7-m/libm.a(lib_a-s_nan.o)
 .ARM.attributes
                0x00000000000003e3       0x1d /Applications/Ac6/SystemWorkbench.app/Contents/Eclipse/plugins/fr.ac6.mcu.externaltools.arm-none.macos64_1.17.0.201812190825/tools/compiler/bin/../lib/gcc/arm-none-eabi/7.3.1/thumb/v7-m/libgcc.a(_arm_addsubdf3.o)
 .ARM.attributes
                0x0000000000000400       0x1d /Applications/Ac6/SystemWorkbench.app/Contents/Eclipse/plugins/fr.ac6.mcu.externaltools.arm-none.macos64_1.17.0.201812190825/tools/compiler/bin/../lib/gcc/arm-none-eabi/7.3.1/thumb/v7-m/libgcc.a(_arm_muldivdf3.o)
 .ARM.attributes
                0x000000000000041d       0x1d /Applications/Ac6/SystemWorkbench.app/Contents/Eclipse/plugins/fr.ac6.mcu.externaltools.arm-none.macos64_1.17.0.201812190825/tools/compiler/bin/../lib/gcc/arm-none-eabi/7.3.1/thumb/v7-m/libgcc.a(_arm_cmpdf2.o)
 .ARM.attributes
                0x000000000000043a       0x1d /Applications/Ac6/SystemWorkbench.app/Contents/Eclipse/plugins/fr.ac6.mcu.externaltools.arm-none.macos64_1.17.0.201812190825/tools/compiler/bin/../lib/gcc/arm-none-eabi/7.3.1/thumb/v7-m/libgcc.a(_arm_unorddf2.o)
 .ARM.attributes
                0x0000000000000457       0x1d /Applications/Ac6/SystemWorkbench.app/Contents/Eclipse/plugins/fr.ac6.mcu.externaltools.arm-none.macos64_1.17.0.201812190825/tools/compiler/bin/../lib/gcc/arm-none-eabi/7.3.1/thumb/v7-m/libgcc.a(_arm_fixunsdfsi.o)
 .ARM.attributes
                0x0000000000000474       0x2d /Applications/Ac6/SystemWorkbench.app/Contents/Eclipse/plugins/fr.ac6.mcu.externaltools.arm-none.macos64_1.17.0.201812190825/tools/compiler/bin/../lib/gcc/arm-none-eabi/7.3.1/../../../../arm-none-eabi/lib/thumb/v7-m/libc.a(lib_a-errno.o)
 .ARM.attributes
                0x00000000000004a1       0x2d /Applications/Ac6/SystemWorkbench.app/Contents/Eclipse/plugins/fr.ac6.mcu.externaltools.arm-none.macos64_1.17.0.201812190825/tools/compiler/bin/../lib/gcc/arm-none-eabi/7.3.1/../../../../arm-none-eabi/lib/thumb/v7-m/libc.a(lib_a-impure.o)
 .ARM.attributes
                0x00000000000004ce       0x2d /Applications/Ac6/SystemWorkbench.app/Contents/Eclipse/plugins/fr.ac6.mcu.externaltools.arm-none.macos64_1.17.0.201812190825/tools/compiler/bin/../lib/gcc/arm-none-eabi/7.3.1/../../../../arm-none-eabi/lib/thumb/v7-m/libc.a(lib_a-init.o)
 .ARM.attributes
                0x00000000000004fb       0x2d /Applications/Ac6/SystemWorkbench.app/Contents/Eclipse/plugins/fr.ac6.mcu.externaltools.arm-none.macos64_1.17.0.201812190825/tools/compiler/bin/../lib/gcc/arm-none-eabi/7.3.1/../../../../arm-none-eabi/lib/thumb/v7-m/libc.a(lib_a-memset.o)
 .ARM.attributes
                0x0000000000000528       0x2d /Applications/Ac6/SystemWorkbench.app/Contents/Eclipse/plugins/fr.ac6.mcu.externaltools.arm-none.macos64_1.17.0.201812190825/tools/compiler/bin/../lib/gcc/arm-none-eabi/7.3.1/../../../../arm-none-eabi/lib/thumb/v7-m/libc.a(lib_a-__call_atexit.o)
 .ARM.attributes
                0x0000000000000555       0x2d /Applications/Ac6/SystemWorkbench.app/Contents/Eclipse/plugins/fr.ac6.mcu.externaltools.arm-none.macos64_1.17.0.201812190825/tools/compiler/bin/../lib/gcc/arm-none-eabi/7.3.1/../../../../arm-none-eabi/lib/thumb/v7-m/libc.a(lib_a-atexit.o)
 .ARM.attributes
                0x0000000000000582       0x2d /Applications/Ac6/SystemWorkbench.app/Contents/Eclipse/plugins/fr.ac6.mcu.externaltools.arm-none.macos64_1.17.0.201812190825/tools/compiler/bin/../lib/gcc/arm-none-eabi/7.3.1/../../../../arm-none-eabi/lib/thumb/v7-m/libc.a(lib_a-fini.o)
 .ARM.attributes
                0x00000000000005af       0x2d /Applications/Ac6/SystemWorkbench.app/Contents/Eclipse/plugins/fr.ac6.mcu.externaltools.arm-none.macos64_1.17.0.201812190825/tools/compiler/bin/../lib/gcc/arm-none-eabi/7.3.1/../../../../arm-none-eabi/lib/thumb/v7-m/libc.a(lib_a-lock.o)
 .ARM.attributes
                0x00000000000005dc       0x2d /Applications/Ac6/SystemWorkbench.app/Contents/Eclipse/plugins/fr.ac6.mcu.externaltools.arm-none.macos64_1.17.0.201812190825/tools/compiler/bin/../lib/gcc/arm-none-eabi/7.3.1/../../../../arm-none-eabi/lib/thumb/v7-m/libc.a(lib_a-__atexit.o)
 .ARM.attributes
                0x0000000000000609       0x1d /Applications/Ac6/SystemWorkbench.app/Contents/Eclipse/plugins/fr.ac6.mcu.externaltools.arm-none.macos64_1.17.0.201812190825/tools/compiler/bin/../lib/gcc/arm-none-eabi/7.3.1/thumb/v7-m/crtn.o
OUTPUT(TEM_CAN1.elf elf32-littlearm)

.debug_info     0x0000000000000000     0xd89c
 .debug_info    0x0000000000000000      0xf0a HAL_Driver/Src/stm32f1xx_hal.o
 .debug_info    0x0000000000000f0a     0x1472 HAL_Driver/Src/stm32f1xx_hal_adc.o
 .debug_info    0x000000000000237c     0x17c2 HAL_Driver/Src/stm32f1xx_hal_can.o
 .debug_info    0x0000000000003b3e     0x1358 HAL_Driver/Src/stm32f1xx_hal_cortex.o
 .debug_info    0x0000000000004e96      0xebd HAL_Driver/Src/stm32f1xx_hal_gpio.o
 .debug_info    0x0000000000005d53      0x9c7 HAL_Driver/Src/stm32f1xx_hal_msp_template.o
 .debug_info    0x000000000000671a     0x1039 HAL_Driver/Src/stm32f1xx_hal_rcc.o
 .debug_info    0x0000000000007753      0xc5b HAL_Driver/Src/stm32f1xx_hal_rcc_ex.o
 .debug_info    0x00000000000083ae     0x15db src/config.o
 .debug_info    0x0000000000009989     0x1497 src/main.o
 .debug_info    0x000000000000ae20     0x146d src/msp_init.o
 .debug_info    0x000000000000c28d      0x994 src/stm32f1xx_it.o
 .debug_info    0x000000000000cc21      0xc59 src/system_stm32f1xx.o
 .debug_info    0x000000000000d87a       0x22 startup/startup_stm32.o

.debug_abbrev   0x0000000000000000     0x2195
 .debug_abbrev  0x0000000000000000      0x2f5 HAL_Driver/Src/stm32f1xx_hal.o
 .debug_abbrev  0x00000000000002f5      0x26f HAL_Driver/Src/stm32f1xx_hal_adc.o
 .debug_abbrev  0x0000000000000564      0x306 HAL_Driver/Src/stm32f1xx_hal_can.o
 .debug_abbrev  0x000000000000086a      0x396 HAL_Driver/Src/stm32f1xx_hal_cortex.o
 .debug_abbrev  0x0000000000000c00      0x289 HAL_Driver/Src/stm32f1xx_hal_gpio.o
 .debug_abbrev  0x0000000000000e89      0x1cb HAL_Driver/Src/stm32f1xx_hal_msp_template.o
 .debug_abbrev  0x0000000000001054      0x323 HAL_Driver/Src/stm32f1xx_hal_rcc.o
 .debug_abbrev  0x0000000000001377      0x260 HAL_Driver/Src/stm32f1xx_hal_rcc_ex.o
 .debug_abbrev  0x00000000000015d7      0x292 src/config.o
 .debug_abbrev  0x0000000000001869      0x2bf src/main.o
 .debug_abbrev  0x0000000000001b28      0x268 src/msp_init.o
 .debug_abbrev  0x0000000000001d90      0x1cb src/stm32f1xx_it.o
 .debug_abbrev  0x0000000000001f5b      0x228 src/system_stm32f1xx.o
 .debug_abbrev  0x0000000000002183       0x12 startup/startup_stm32.o

.debug_aranges  0x0000000000000000      0x658
 .debug_aranges
                0x0000000000000000       0xd0 HAL_Driver/Src/stm32f1xx_hal.o
 .debug_aranges
                0x00000000000000d0       0xf0 HAL_Driver/Src/stm32f1xx_hal_adc.o
 .debug_aranges
                0x00000000000001c0      0x138 HAL_Driver/Src/stm32f1xx_hal_can.o
 .debug_aranges
                0x00000000000002f8      0x100 HAL_Driver/Src/stm32f1xx_hal_cortex.o
 .debug_aranges
                0x00000000000003f8       0x58 HAL_Driver/Src/stm32f1xx_hal_gpio.o
 .debug_aranges
                0x0000000000000450       0x38 HAL_Driver/Src/stm32f1xx_hal_msp_template.o
 .debug_aranges
                0x0000000000000488       0x90 HAL_Driver/Src/stm32f1xx_hal_rcc.o
 .debug_aranges
                0x0000000000000518       0x30 HAL_Driver/Src/stm32f1xx_hal_rcc_ex.o
 .debug_aranges
                0x0000000000000548       0x38 src/config.o
 .debug_aranges
                0x0000000000000580       0x38 src/main.o
 .debug_aranges
                0x00000000000005b8       0x30 src/msp_init.o
 .debug_aranges
                0x00000000000005e8       0x20 src/stm32f1xx_it.o
 .debug_aranges
                0x0000000000000608       0x28 src/system_stm32f1xx.o
 .debug_aranges
                0x0000000000000630       0x28 startup/startup_stm32.o

.debug_ranges   0x0000000000000000      0x580
 .debug_ranges  0x0000000000000000       0xc0 HAL_Driver/Src/stm32f1xx_hal.o
 .debug_ranges  0x00000000000000c0       0xe0 HAL_Driver/Src/stm32f1xx_hal_adc.o
 .debug_ranges  0x00000000000001a0      0x128 HAL_Driver/Src/stm32f1xx_hal_can.o
 .debug_ranges  0x00000000000002c8       0xf0 HAL_Driver/Src/stm32f1xx_hal_cortex.o
 .debug_ranges  0x00000000000003b8       0x48 HAL_Driver/Src/stm32f1xx_hal_gpio.o
 .debug_ranges  0x0000000000000400       0x28 HAL_Driver/Src/stm32f1xx_hal_msp_template.o
 .debug_ranges  0x0000000000000428       0x80 HAL_Driver/Src/stm32f1xx_hal_rcc.o
 .debug_ranges  0x00000000000004a8       0x20 HAL_Driver/Src/stm32f1xx_hal_rcc_ex.o
 .debug_ranges  0x00000000000004c8       0x28 src/config.o
 .debug_ranges  0x00000000000004f0       0x28 src/main.o
 .debug_ranges  0x0000000000000518       0x20 src/msp_init.o
 .debug_ranges  0x0000000000000538       0x10 src/stm32f1xx_it.o
 .debug_ranges  0x0000000000000548       0x18 src/system_stm32f1xx.o
 .debug_ranges  0x0000000000000560       0x20 startup/startup_stm32.o

.debug_macro    0x0000000000000000    0x187ab
 .debug_macro   0x0000000000000000      0x426 HAL_Driver/Src/stm32f1xx_hal.o
 .debug_macro   0x0000000000000426      0xa6c HAL_Driver/Src/stm32f1xx_hal.o
 .debug_macro   0x0000000000000e92      0x224 HAL_Driver/Src/stm32f1xx_hal.o
 .debug_macro   0x00000000000010b6       0x28 HAL_Driver/Src/stm32f1xx_hal.o
 .debug_macro   0x00000000000010de       0x22 HAL_Driver/Src/stm32f1xx_hal.o
 .debug_macro   0x0000000000001100       0x22 HAL_Driver/Src/stm32f1xx_hal.o
 .debug_macro   0x0000000000001122       0x8e HAL_Driver/Src/stm32f1xx_hal.o
 .debug_macro   0x00000000000011b0       0x51 HAL_Driver/Src/stm32f1xx_hal.o
 .debug_macro   0x0000000000001201       0xef HAL_Driver/Src/stm32f1xx_hal.o
 .debug_macro   0x00000000000012f0       0x6a HAL_Driver/Src/stm32f1xx_hal.o
 .debug_macro   0x000000000000135a      0x1df HAL_Driver/Src/stm32f1xx_hal.o
 .debug_macro   0x0000000000001539       0x34 HAL_Driver/Src/stm32f1xx_hal.o
 .debug_macro   0x000000000000156d       0x34 HAL_Driver/Src/stm32f1xx_hal.o
 .debug_macro   0x00000000000015a1      0xb8e HAL_Driver/Src/stm32f1xx_hal.o
 .debug_macro   0x000000000000212f     0xe911 HAL_Driver/Src/stm32f1xx_hal.o
 .debug_macro   0x0000000000010a40       0x43 HAL_Driver/Src/stm32f1xx_hal.o
 .debug_macro   0x0000000000010a83       0x5e HAL_Driver/Src/stm32f1xx_hal.o
 .debug_macro   0x0000000000010ae1       0x18 HAL_Driver/Src/stm32f1xx_hal.o
 .debug_macro   0x0000000000010af9       0x35 HAL_Driver/Src/stm32f1xx_hal.o
 .debug_macro   0x0000000000010b2e       0x34 HAL_Driver/Src/stm32f1xx_hal.o
 .debug_macro   0x0000000000010b62       0x16 HAL_Driver/Src/stm32f1xx_hal.o
 .debug_macro   0x0000000000010b78       0x97 HAL_Driver/Src/stm32f1xx_hal.o
 .debug_macro   0x0000000000010c0f      0x330 HAL_Driver/Src/stm32f1xx_hal.o
 .debug_macro   0x0000000000010f3f       0xfd HAL_Driver/Src/stm32f1xx_hal.o
 .debug_macro   0x000000000001103c       0x10 HAL_Driver/Src/stm32f1xx_hal.o
 .debug_macro   0x000000000001104c       0x58 HAL_Driver/Src/stm32f1xx_hal.o
 .debug_macro   0x00000000000110a4       0x1f HAL_Driver/Src/stm32f1xx_hal.o
 .debug_macro   0x00000000000110c3       0x43 HAL_Driver/Src/stm32f1xx_hal.o
 .debug_macro   0x0000000000011106       0x20 HAL_Driver/Src/stm32f1xx_hal.o
 .debug_macro   0x0000000000011126      0x18e HAL_Driver/Src/stm32f1xx_hal.o
 .debug_macro   0x00000000000112b4       0x10 HAL_Driver/Src/stm32f1xx_hal.o
 .debug_macro   0x00000000000112c4       0x1c HAL_Driver/Src/stm32f1xx_hal.o
 .debug_macro   0x00000000000112e0       0x52 HAL_Driver/Src/stm32f1xx_hal.o
 .debug_macro   0x0000000000011332       0x40 HAL_Driver/Src/stm32f1xx_hal.o
 .debug_macro   0x0000000000011372       0x10 HAL_Driver/Src/stm32f1xx_hal.o
 .debug_macro   0x0000000000011382       0x40 HAL_Driver/Src/stm32f1xx_hal.o
 .debug_macro   0x00000000000113c2       0xd7 HAL_Driver/Src/stm32f1xx_hal.o
 .debug_macro   0x0000000000011499       0x1c HAL_Driver/Src/stm32f1xx_hal.o
 .debug_macro   0x00000000000114b5       0x3d HAL_Driver/Src/stm32f1xx_hal.o
 .debug_macro   0x00000000000114f2       0x16 HAL_Driver/Src/stm32f1xx_hal.o
 .debug_macro   0x0000000000011508      0x16f HAL_Driver/Src/stm32f1xx_hal.o
 .debug_macro   0x0000000000011677       0x57 HAL_Driver/Src/stm32f1xx_hal.o
 .debug_macro   0x00000000000116ce      0x5c2 HAL_Driver/Src/stm32f1xx_hal.o
 .debug_macro   0x0000000000011c90      0x28a HAL_Driver/Src/stm32f1xx_hal.o
 .debug_macro   0x0000000000011f1a      0x1cb HAL_Driver/Src/stm32f1xx_hal.o
 .debug_macro   0x00000000000120e5      0x11e HAL_Driver/Src/stm32f1xx_hal.o
 .debug_macro   0x0000000000012203      0x1b3 HAL_Driver/Src/stm32f1xx_hal.o
 .debug_macro   0x00000000000123b6       0x27 HAL_Driver/Src/stm32f1xx_hal.o
 .debug_macro   0x00000000000123dd      0x1bc HAL_Driver/Src/stm32f1xx_hal.o
 .debug_macro   0x0000000000012599       0x34 HAL_Driver/Src/stm32f1xx_hal.o
 .debug_macro   0x00000000000125cd       0x3c HAL_Driver/Src/stm32f1xx_hal.o
 .debug_macro   0x0000000000012609      0x408 HAL_Driver/Src/stm32f1xx_hal.o
 .debug_macro   0x0000000000012a11       0x57 HAL_Driver/Src/stm32f1xx_hal.o
 .debug_macro   0x0000000000012a68      0x46a HAL_Driver/Src/stm32f1xx_hal.o
 .debug_macro   0x0000000000012ed2      0x1b5 HAL_Driver/Src/stm32f1xx_hal.o
 .debug_macro   0x0000000000013087       0x22 HAL_Driver/Src/stm32f1xx_hal.o
 .debug_macro   0x00000000000130a9       0x8c HAL_Driver/Src/stm32f1xx_hal.o
 .debug_macro   0x0000000000013135      0x242 HAL_Driver/Src/stm32f1xx_hal.o
 .debug_macro   0x0000000000013377      0x264 HAL_Driver/Src/stm32f1xx_hal.o
 .debug_macro   0x00000000000135db       0x79 HAL_Driver/Src/stm32f1xx_hal.o
 .debug_macro   0x0000000000013654      0x143 HAL_Driver/Src/stm32f1xx_hal.o
 .debug_macro   0x0000000000013797      0x1ef HAL_Driver/Src/stm32f1xx_hal.o
 .debug_macro   0x0000000000013986       0xf2 HAL_Driver/Src/stm32f1xx_hal.o
 .debug_macro   0x0000000000013a78      0x1f4 HAL_Driver/Src/stm32f1xx_hal.o
 .debug_macro   0x0000000000013c6c      0x853 HAL_Driver/Src/stm32f1xx_hal.o
 .debug_macro   0x00000000000144bf       0x1f HAL_Driver/Src/stm32f1xx_hal.o
 .debug_macro   0x00000000000144de      0x26b HAL_Driver/Src/stm32f1xx_hal.o
 .debug_macro   0x0000000000014749      0x217 HAL_Driver/Src/stm32f1xx_hal.o
 .debug_macro   0x0000000000014960      0x1a7 HAL_Driver/Src/stm32f1xx_hal.o
 .debug_macro   0x0000000000014b07      0x2cd HAL_Driver/Src/stm32f1xx_hal.o
 .debug_macro   0x0000000000014dd4       0x89 HAL_Driver/Src/stm32f1xx_hal.o
 .debug_macro   0x0000000000014e5d       0x50 HAL_Driver/Src/stm32f1xx_hal.o
 .debug_macro   0x0000000000014ead      0x26c HAL_Driver/Src/stm32f1xx_hal.o
 .debug_macro   0x0000000000015119       0x83 HAL_Driver/Src/stm32f1xx_hal.o
 .debug_macro   0x000000000001519c      0x41f HAL_Driver/Src/stm32f1xx_hal_adc.o
 .debug_macro   0x00000000000155bb      0x40a HAL_Driver/Src/stm32f1xx_hal_can.o
 .debug_macro   0x00000000000159c5      0x402 HAL_Driver/Src/stm32f1xx_hal_cortex.o
 .debug_macro   0x0000000000015dc7      0x472 HAL_Driver/Src/stm32f1xx_hal_gpio.o
 .debug_macro   0x0000000000016239      0x402 HAL_Driver/Src/stm32f1xx_hal_msp_template.o
 .debug_macro   0x000000000001663b      0x414 HAL_Driver/Src/stm32f1xx_hal_rcc.o
 .debug_macro   0x0000000000016a4f      0x402 HAL_Driver/Src/stm32f1xx_hal_rcc_ex.o
 .debug_macro   0x0000000000016e51      0x416 src/config.o
 .debug_macro   0x0000000000017267       0x58 src/config.o
 .debug_macro   0x00000000000172bf       0x94 src/config.o
 .debug_macro   0x0000000000017353      0x174 src/config.o
 .debug_macro   0x00000000000174c7       0x57 src/config.o
 .debug_macro   0x000000000001751e      0x1e1 src/config.o
 .debug_macro   0x00000000000176ff       0x1c src/config.o
 .debug_macro   0x000000000001771b       0x35 src/config.o
 .debug_macro   0x0000000000017750       0x16 src/config.o
 .debug_macro   0x0000000000017766      0x41f src/main.o
 .debug_macro   0x0000000000017b85      0x412 src/msp_init.o
 .debug_macro   0x0000000000017f97      0x40c src/stm32f1xx_it.o
 .debug_macro   0x00000000000183a3      0x408 src/system_stm32f1xx.o

.debug_line     0x0000000000000000     0x9459
 .debug_line    0x0000000000000000      0xb5a HAL_Driver/Src/stm32f1xx_hal.o
 .debug_line    0x0000000000000b5a      0xecb HAL_Driver/Src/stm32f1xx_hal_adc.o
 .debug_line    0x0000000000001a25      0xe4d HAL_Driver/Src/stm32f1xx_hal_can.o
 .debug_line    0x0000000000002872      0xc48 HAL_Driver/Src/stm32f1xx_hal_cortex.o
 .debug_line    0x00000000000034ba      0xb92 HAL_Driver/Src/stm32f1xx_hal_gpio.o
 .debug_line    0x000000000000404c      0x9ec HAL_Driver/Src/stm32f1xx_hal_msp_template.o
 .debug_line    0x0000000000004a38      0xc44 HAL_Driver/Src/stm32f1xx_hal_rcc.o
 .debug_line    0x000000000000567c      0xa5a HAL_Driver/Src/stm32f1xx_hal_rcc_ex.o
 .debug_line    0x00000000000060d6      0xa76 src/config.o
 .debug_line    0x0000000000006b4c      0xaae src/main.o
 .debug_line    0x00000000000075fa      0xa1f src/msp_init.o
 .debug_line    0x0000000000008019      0x9e2 src/stm32f1xx_it.o
 .debug_line    0x00000000000089fb      0x9e2 src/system_stm32f1xx.o
 .debug_line    0x00000000000093dd       0x7c startup/startup_stm32.o

.debug_str      0x0000000000000000    0x83407
 .debug_str     0x0000000000000000    0x81098 HAL_Driver/Src/stm32f1xx_hal.o
                                      0x81413 (size before relaxing)
 .debug_str     0x0000000000081098      0x657 HAL_Driver/Src/stm32f1xx_hal_adc.o
                                      0x81410 (size before relaxing)
 .debug_str     0x00000000000816ef      0x7db HAL_Driver/Src/stm32f1xx_hal_can.o
                                      0x815c4 (size before relaxing)
 .debug_str     0x0000000000081eca      0x2e2 HAL_Driver/Src/stm32f1xx_hal_cortex.o
                                      0x81427 (size before relaxing)
 .debug_str     0x00000000000821ac      0x39e HAL_Driver/Src/stm32f1xx_hal_gpio.o
                                      0x8116e (size before relaxing)
 .debug_str     0x000000000008254a       0x51 HAL_Driver/Src/stm32f1xx_hal_msp_template.o
                                      0x80d8a (size before relaxing)
 .debug_str     0x000000000008259b      0x356 HAL_Driver/Src/stm32f1xx_hal_rcc.o
                                      0x8119c (size before relaxing)
 .debug_str     0x00000000000828f1      0x119 HAL_Driver/Src/stm32f1xx_hal_rcc_ex.o
                                      0x80f2e (size before relaxing)
 .debug_str     0x0000000000082a0a      0x8db src/config.o
                                      0x81e69 (size before relaxing)
 .debug_str     0x00000000000832e5       0x46 src/main.o
                                      0x81c8d (size before relaxing)
 .debug_str     0x000000000008332b       0x12 src/msp_init.o
                                      0x81cef (size before relaxing)
 .debug_str     0x000000000008333d       0x38 src/stm32f1xx_it.o
                                      0x80d57 (size before relaxing)
 .debug_str     0x0000000000083375       0x69 src/system_stm32f1xx.o
                                      0x80e2b (size before relaxing)
 .debug_str     0x00000000000833de       0x29 startup/startup_stm32.o
                                         0x5a (size before relaxing)

.comment        0x0000000000000000       0x7f
 .comment       0x0000000000000000       0x7f HAL_Driver/Src/stm32f1xx_hal.o
                                         0x80 (size before relaxing)
 .comment       0x000000000000007f       0x80 HAL_Driver/Src/stm32f1xx_hal_adc.o
 .comment       0x000000000000007f       0x80 HAL_Driver/Src/stm32f1xx_hal_can.o
 .comment       0x000000000000007f       0x80 HAL_Driver/Src/stm32f1xx_hal_cortex.o
 .comment       0x000000000000007f       0x80 HAL_Driver/Src/stm32f1xx_hal_gpio.o
 .comment       0x000000000000007f       0x80 HAL_Driver/Src/stm32f1xx_hal_msp_template.o
 .comment       0x000000000000007f       0x80 HAL_Driver/Src/stm32f1xx_hal_rcc.o
 .comment       0x000000000000007f       0x80 HAL_Driver/Src/stm32f1xx_hal_rcc_ex.o
 .comment       0x000000000000007f       0x80 src/config.o
 .comment       0x000000000000007f       0x80 src/main.o
 .comment       0x000000000000007f       0x80 src/msp_init.o
 .comment       0x000000000000007f       0x80 src/stm32f1xx_it.o
 .comment       0x000000000000007f       0x80 src/system_stm32f1xx.o

.debug_frame    0x0000000000000000     0x1c6c
 .debug_frame   0x0000000000000000      0x2fc HAL_Driver/Src/stm32f1xx_hal.o
 .debug_frame   0x00000000000002fc      0x40c HAL_Driver/Src/stm32f1xx_hal_adc.o
 .debug_frame   0x0000000000000708      0x5a0 HAL_Driver/Src/stm32f1xx_hal_can.o
 .debug_frame   0x0000000000000ca8      0x428 HAL_Driver/Src/stm32f1xx_hal_cortex.o
 .debug_frame   0x00000000000010d0      0x14c HAL_Driver/Src/stm32f1xx_hal_gpio.o
 .debug_frame   0x000000000000121c       0x90 HAL_Driver/Src/stm32f1xx_hal_msp_template.o
 .debug_frame   0x00000000000012ac      0x21c HAL_Driver/Src/stm32f1xx_hal_rcc.o
 .debug_frame   0x00000000000014c8       0x84 HAL_Driver/Src/stm32f1xx_hal_rcc_ex.o
 .debug_frame   0x000000000000154c       0x98 src/config.o
 .debug_frame   0x00000000000015e4       0xa0 src/main.o
 .debug_frame   0x0000000000001684       0x7c src/msp_init.o
 .debug_frame   0x0000000000001700       0x2c src/stm32f1xx_it.o
 .debug_frame   0x000000000000172c       0x58 src/system_stm32f1xx.o
 .debug_frame   0x0000000000001784       0x40 /Applications/Ac6/SystemWorkbench.app/Contents/Eclipse/plugins/fr.ac6.mcu.externaltools.arm-none.macos64_1.17.0.201812190825/tools/compiler/bin/../lib/gcc/arm-none-eabi/7.3.1/../../../../arm-none-eabi/lib/thumb/v7-m/libm.a(lib_a-w_log.o)
 .debug_frame   0x00000000000017c4       0x4c /Applications/Ac6/SystemWorkbench.app/Contents/Eclipse/plugins/fr.ac6.mcu.externaltools.arm-none.macos64_1.17.0.201812190825/tools/compiler/bin/../lib/gcc/arm-none-eabi/7.3.1/../../../../arm-none-eabi/lib/thumb/v7-m/libm.a(lib_a-e_log.o)
 .debug_frame   0x0000000000001810       0x20 /Applications/Ac6/SystemWorkbench.app/Contents/Eclipse/plugins/fr.ac6.mcu.externaltools.arm-none.macos64_1.17.0.201812190825/tools/compiler/bin/../lib/gcc/arm-none-eabi/7.3.1/../../../../arm-none-eabi/lib/thumb/v7-m/libm.a(lib_a-s_matherr.o)
 .debug_frame   0x0000000000001830       0x20 /Applications/Ac6/SystemWorkbench.app/Contents/Eclipse/plugins/fr.ac6.mcu.externaltools.arm-none.macos64_1.17.0.201812190825/tools/compiler/bin/../lib/gcc/arm-none-eabi/7.3.1/../../../../arm-none-eabi/lib/thumb/v7-m/libm.a(lib_a-s_nan.o)
 .debug_frame   0x0000000000001850       0xac /Applications/Ac6/SystemWorkbench.app/Contents/Eclipse/plugins/fr.ac6.mcu.externaltools.arm-none.macos64_1.17.0.201812190825/tools/compiler/bin/../lib/gcc/arm-none-eabi/7.3.1/thumb/v7-m/libgcc.a(_arm_addsubdf3.o)
 .debug_frame   0x00000000000018fc       0x50 /Applications/Ac6/SystemWorkbench.app/Contents/Eclipse/plugins/fr.ac6.mcu.externaltools.arm-none.macos64_1.17.0.201812190825/tools/compiler/bin/../lib/gcc/arm-none-eabi/7.3.1/thumb/v7-m/libgcc.a(_arm_muldivdf3.o)
 .debug_frame   0x000000000000194c       0xc4 /Applications/Ac6/SystemWorkbench.app/Contents/Eclipse/plugins/fr.ac6.mcu.externaltools.arm-none.macos64_1.17.0.201812190825/tools/compiler/bin/../lib/gcc/arm-none-eabi/7.3.1/thumb/v7-m/libgcc.a(_arm_cmpdf2.o)
 .debug_frame   0x0000000000001a10       0x20 /Applications/Ac6/SystemWorkbench.app/Contents/Eclipse/plugins/fr.ac6.mcu.externaltools.arm-none.macos64_1.17.0.201812190825/tools/compiler/bin/../lib/gcc/arm-none-eabi/7.3.1/thumb/v7-m/libgcc.a(_arm_unorddf2.o)
 .debug_frame   0x0000000000001a30       0x24 /Applications/Ac6/SystemWorkbench.app/Contents/Eclipse/plugins/fr.ac6.mcu.externaltools.arm-none.macos64_1.17.0.201812190825/tools/compiler/bin/../lib/gcc/arm-none-eabi/7.3.1/thumb/v7-m/libgcc.a(_arm_fixunsdfsi.o)
 .debug_frame   0x0000000000001a54       0x20 /Applications/Ac6/SystemWorkbench.app/Contents/Eclipse/plugins/fr.ac6.mcu.externaltools.arm-none.macos64_1.17.0.201812190825/tools/compiler/bin/../lib/gcc/arm-none-eabi/7.3.1/../../../../arm-none-eabi/lib/thumb/v7-m/libc.a(lib_a-errno.o)
 .debug_frame   0x0000000000001a74       0x2c /Applications/Ac6/SystemWorkbench.app/Contents/Eclipse/plugins/fr.ac6.mcu.externaltools.arm-none.macos64_1.17.0.201812190825/tools/compiler/bin/../lib/gcc/arm-none-eabi/7.3.1/../../../../arm-none-eabi/lib/thumb/v7-m/libc.a(lib_a-init.o)
 .debug_frame   0x0000000000001aa0       0x38 /Applications/Ac6/SystemWorkbench.app/Contents/Eclipse/plugins/fr.ac6.mcu.externaltools.arm-none.macos64_1.17.0.201812190825/tools/compiler/bin/../lib/gcc/arm-none-eabi/7.3.1/../../../../arm-none-eabi/lib/thumb/v7-m/libc.a(lib_a-memset.o)
 .debug_frame   0x0000000000001ad8       0x5c /Applications/Ac6/SystemWorkbench.app/Contents/Eclipse/plugins/fr.ac6.mcu.externaltools.arm-none.macos64_1.17.0.201812190825/tools/compiler/bin/../lib/gcc/arm-none-eabi/7.3.1/../../../../arm-none-eabi/lib/thumb/v7-m/libc.a(lib_a-__call_atexit.o)
 .debug_frame   0x0000000000001b34       0x20 /Applications/Ac6/SystemWorkbench.app/Contents/Eclipse/plugins/fr.ac6.mcu.externaltools.arm-none.macos64_1.17.0.201812190825/tools/compiler/bin/../lib/gcc/arm-none-eabi/7.3.1/../../../../arm-none-eabi/lib/thumb/v7-m/libc.a(lib_a-atexit.o)
 .debug_frame   0x0000000000001b54       0x34 /Applications/Ac6/SystemWorkbench.app/Contents/Eclipse/plugins/fr.ac6.mcu.externaltools.arm-none.macos64_1.17.0.201812190825/tools/compiler/bin/../lib/gcc/arm-none-eabi/7.3.1/../../../../arm-none-eabi/lib/thumb/v7-m/libc.a(lib_a-fini.o)
 .debug_frame   0x0000000000001b88       0xb0 /Applications/Ac6/SystemWorkbench.app/Contents/Eclipse/plugins/fr.ac6.mcu.externaltools.arm-none.macos64_1.17.0.201812190825/tools/compiler/bin/../lib/gcc/arm-none-eabi/7.3.1/../../../../arm-none-eabi/lib/thumb/v7-m/libc.a(lib_a-lock.o)
 .debug_frame   0x0000000000001c38       0x34 /Applications/Ac6/SystemWorkbench.app/Contents/Eclipse/plugins/fr.ac6.mcu.externaltools.arm-none.macos64_1.17.0.201812190825/tools/compiler/bin/../lib/gcc/arm-none-eabi/7.3.1/../../../../arm-none-eabi/lib/thumb/v7-m/libc.a(lib_a-__atexit.o)
